from torchvision import models
import torchvision.models as cnn

# don't touch if more than one name imported
import torchvision.models as models, torch
